// Jest Snapshot v1, https://goo.gl/fbAQLP

exports[`fetch Unsuccessful fetches GIVEN fetch w/ unknown path AND URL object THEN returns FetchError 1`] = `
Response {
  "size": 0,
  "timeout": 0,
  Symbol(Body internals): Object {
    "body": PassThrough {
      "_events": Object {
        "data": [Function],
        "end": [Function],
        "error": Array [
          [Function],
          [Function],
        ],
        "prefinish": [Function],
      },
      "_eventsCount": 4,
      "_maxListeners": undefined,
      "_readableState": ReadableState {
        "autoDestroy": true,
        "awaitDrainWriters": null,
        "buffer": BufferList {
          "head": null,
          "length": 0,
          "tail": null,
        },
        "closeEmitted": true,
        "closed": true,
        "constructed": true,
        "decoder": null,
        "defaultEncoding": "utf8",
        "destroyed": true,
        "emitClose": true,
        "emittedReadable": false,
        "encoding": null,
        "endEmitted": true,
        "ended": true,
        "errorEmitted": false,
        "errored": null,
        "flowing": true,
        "highWaterMark": 16384,
        "length": 0,
        "multiAwaitDrain": false,
        "needReadable": false,
        "objectMode": false,
        "pipes": Array [],
        "readableListening": false,
        "reading": false,
        "readingMore": false,
        "resumeScheduled": false,
        "sync": false,
        Symbol(kPaused): false,
      },
      "_writableState": WritableState {
        "afterWriteTickInfo": null,
        "allBuffers": true,
        "allNoop": true,
        "autoDestroy": true,
        "bufferProcessing": false,
        "buffered": Array [],
        "bufferedIndex": 0,
        "closeEmitted": true,
        "closed": true,
        "constructed": true,
        "corked": 0,
        "decodeStrings": true,
        "defaultEncoding": "utf8",
        "destroyed": true,
        "emitClose": true,
        "ended": true,
        "ending": true,
        "errorEmitted": false,
        "errored": null,
        "finalCalled": true,
        "finished": true,
        "highWaterMark": 16384,
        "length": 0,
        "needDrain": false,
        "objectMode": false,
        "onwrite": [Function],
        "pendingcb": 0,
        "prefinished": true,
        "sync": false,
        "writecb": null,
        "writelen": 0,
        "writing": false,
        Symbol(kOnFinished): Array [],
      },
      "allowHalfOpen": true,
      Symbol(kCapture): false,
      Symbol(kCallback): null,
    },
    "disturbed": true,
    "error": null,
  },
  Symbol(Response internals): Object {
    "counter": 0,
    "headers": Headers {
      Symbol(map): Object {
        "content-type": Array [
          "application/json",
        ],
      },
    },
    "status": 404,
    "statusText": "Not Found",
    "url": "http://localhost/404",
  },
}
`;

exports[`fetch Unsuccessful fetches GIVEN fetch w/ unknown path THEN returns FetchError 1`] = `
Response {
  "size": 0,
  "timeout": 0,
  Symbol(Body internals): Object {
    "body": PassThrough {
      "_events": Object {
        "data": [Function],
        "end": [Function],
        "error": Array [
          [Function],
          [Function],
        ],
        "prefinish": [Function],
      },
      "_eventsCount": 4,
      "_maxListeners": undefined,
      "_readableState": ReadableState {
        "autoDestroy": true,
        "awaitDrainWriters": null,
        "buffer": BufferList {
          "head": null,
          "length": 0,
          "tail": null,
        },
        "closeEmitted": true,
        "closed": true,
        "constructed": true,
        "decoder": null,
        "defaultEncoding": "utf8",
        "destroyed": true,
        "emitClose": true,
        "emittedReadable": false,
        "encoding": null,
        "endEmitted": true,
        "ended": true,
        "errorEmitted": false,
        "errored": null,
        "flowing": true,
        "highWaterMark": 16384,
        "length": 0,
        "multiAwaitDrain": false,
        "needReadable": false,
        "objectMode": false,
        "pipes": Array [],
        "readableListening": false,
        "reading": false,
        "readingMore": false,
        "resumeScheduled": false,
        "sync": false,
        Symbol(kPaused): false,
      },
      "_writableState": WritableState {
        "afterWriteTickInfo": null,
        "allBuffers": true,
        "allNoop": true,
        "autoDestroy": true,
        "bufferProcessing": false,
        "buffered": Array [],
        "bufferedIndex": 0,
        "closeEmitted": true,
        "closed": true,
        "constructed": true,
        "corked": 0,
        "decodeStrings": true,
        "defaultEncoding": "utf8",
        "destroyed": true,
        "emitClose": true,
        "ended": true,
        "ending": true,
        "errorEmitted": false,
        "errored": null,
        "finalCalled": true,
        "finished": true,
        "highWaterMark": 16384,
        "length": 0,
        "needDrain": false,
        "objectMode": false,
        "onwrite": [Function],
        "pendingcb": 0,
        "prefinished": true,
        "sync": false,
        "writecb": null,
        "writelen": 0,
        "writing": false,
        Symbol(kOnFinished): Array [],
      },
      "allowHalfOpen": true,
      Symbol(kCapture): false,
      Symbol(kCallback): null,
    },
    "disturbed": true,
    "error": null,
  },
  Symbol(Response internals): Object {
    "counter": 0,
    "headers": Headers {
      Symbol(map): Object {
        "content-type": Array [
          "application/json",
        ],
      },
    },
    "status": 404,
    "statusText": "Not Found",
    "url": "http://localhost/404",
  },
}
`;
