// Jest Snapshot v1, https://goo.gl/fbAQLP

exports[`ESLint Config should export rules 1`] = `
Object {
  "env": Object {
    "browser": true,
    "commonjs": true,
    "es2017": true,
    "es2020": true,
    "es6": true,
    "jest": true,
    "node": true,
  },
  "extends": Array [
    "plugin:@typescript-eslint/recommended",
    "plugin:prettier/recommended",
  ],
  "parser": "@typescript-eslint/parser",
  "parserOptions": Object {
    "ecmaVersion": 2020,
    "extraFileExtensions": Array [
      ".mjs",
    ],
    "project": "./tsconfig.eslint.json",
    "sourceType": "module",
  },
  "root": true,
  "rules": Object {
    "@typescript-eslint/adjacent-overload-signatures": "error",
    "@typescript-eslint/array-type": "off",
    "@typescript-eslint/await-thenable": "off",
    "@typescript-eslint/ban-ts-comment": Array [
      "error",
      Object {
        "minimumDescriptionLength": 3,
        "ts-check": true,
        "ts-expect-error": "allow-with-description",
        "ts-ignore": "allow-with-description",
        "ts-nocheck": true,
      },
    ],
    "@typescript-eslint/class-literal-property-style": "error",
    "@typescript-eslint/comma-spacing": Array [
      "error",
      Object {
        "after": true,
        "before": false,
      },
    ],
    "@typescript-eslint/consistent-type-definitions": "error",
    "@typescript-eslint/default-param-last": "error",
    "@typescript-eslint/dot-notation": Array [
      "error",
      Object {
        "allowKeywords": true,
        "allowPattern": "(^[A-Z])|(^[a-z]+(_[a-z]+)+$)",
        "allowPrivateClassPropertyAccess": true,
      },
    ],
    "@typescript-eslint/explicit-function-return-type": "off",
    "@typescript-eslint/explicit-member-accessibility": "error",
    "@typescript-eslint/explicit-module-boundary-types": "off",
    "@typescript-eslint/indent": "off",
    "@typescript-eslint/init-declarations": "error",
    "@typescript-eslint/keyword-spacing": Array [
      "error",
      Object {
        "after": true,
        "before": true,
      },
    ],
    "@typescript-eslint/member-delimiter-style": Array [
      "error",
      Object {
        "multiline": Object {
          "delimiter": "semi",
          "requireLast": true,
        },
        "singleline": Object {
          "delimiter": "semi",
          "requireLast": false,
        },
      },
    ],
    "@typescript-eslint/member-ordering": Array [
      "error",
      Object {
        "default": Array [
          "signature",
          "public-instance-field",
          "protected-instance-field",
          "private-instance-field",
          "instance-field",
          "public-constructor",
          "protected-constructor",
          "private-constructor",
          "constructor",
          "public-instance-method",
          "protected-instance-method",
          "private-instance-method",
          "instance-method",
          "public-static-field",
          "protected-static-field",
          "private-static-field",
          "static-field",
          "public-static-method",
          "protected-static-method",
          "private-static-method",
          "static-method",
        ],
      },
    ],
    "@typescript-eslint/naming-convention": Array [
      "error",
      Object {
        "filter": Object {
          "match": false,
          "regex": "^(?:VariableDeclarator|AssignmentExpression)$",
        },
        "format": Array [
          "camelCase",
        ],
        "leadingUnderscore": "forbid",
        "selector": "default",
        "trailingUnderscore": "forbid",
      },
      Object {
        "format": Array [
          "camelCase",
        ],
        "leadingUnderscore": "allow",
        "selector": "parameter",
      },
      Object {
        "format": Array [
          "camelCase",
        ],
        "modifiers": Array [
          "readonly",
        ],
        "selector": "property",
      },
      Object {
        "format": Array [
          "PascalCase",
        ],
        "selector": "enumMember",
      },
      Object {
        "format": Array [
          "PascalCase",
        ],
        "selector": "typeLike",
      },
    ],
    "@typescript-eslint/no-base-to-string": "error",
    "@typescript-eslint/no-dupe-class-members": "error",
    "@typescript-eslint/no-empty-interface": "off",
    "@typescript-eslint/no-explicit-any": "off",
    "@typescript-eslint/no-extra-non-null-assertion": "error",
    "@typescript-eslint/no-extra-parens": "off",
    "@typescript-eslint/no-extra-semi": "error",
    "@typescript-eslint/no-extraneous-class": "error",
    "@typescript-eslint/no-floating-promises": "error",
    "@typescript-eslint/no-for-in-array": "error",
    "@typescript-eslint/no-implied-eval": "error",
    "@typescript-eslint/no-invalid-this": "error",
    "@typescript-eslint/no-invalid-void-type": "error",
    "@typescript-eslint/no-misused-new": "error",
    "@typescript-eslint/no-non-null-asserted-optional-chain": "error",
    "@typescript-eslint/no-non-null-assertion": "off",
    "@typescript-eslint/no-throw-literal": "error",
    "@typescript-eslint/no-unnecessary-boolean-literal-compare": "error",
    "@typescript-eslint/no-unnecessary-qualifier": "error",
    "@typescript-eslint/no-unsafe-assignment": "off",
    "@typescript-eslint/no-unsafe-call": "off",
    "@typescript-eslint/no-unsafe-member-access": "off",
    "@typescript-eslint/no-unsafe-return": "off",
    "@typescript-eslint/no-unused-vars": "error",
    "@typescript-eslint/no-use-before-define": Array [
      "error",
      Object {
        "functions": false,
        "typedefs": false,
      },
    ],
    "@typescript-eslint/no-useless-constructor": "error",
    "@typescript-eslint/no-var-requires": "error",
    "@typescript-eslint/prefer-as-const": "error",
    "@typescript-eslint/prefer-for-of": "error",
    "@typescript-eslint/prefer-includes": "error",
    "@typescript-eslint/prefer-reduce-type-parameter": "error",
    "@typescript-eslint/prefer-string-starts-ends-with": "error",
    "@typescript-eslint/promise-function-async": "off",
    "@typescript-eslint/require-await": "error",
    "@typescript-eslint/restrict-plus-operands": "error",
    "@typescript-eslint/semi": "error",
    "@typescript-eslint/switch-exhaustiveness-check": "warn",
    "@typescript-eslint/type-annotation-spacing": "error",
    "@typescript-eslint/unbound-method": "error",
    "@typescript-eslint/unified-signatures": "error",
    "accessor-pairs": "off",
    "array-bracket-newline": Array [
      "error",
      "consistent",
    ],
    "array-bracket-spacing": Array [
      "error",
      "never",
      Object {
        "arraysInArrays": false,
        "objectsInArrays": false,
        "singleValue": false,
      },
    ],
    "array-callback-return": "error",
    "array-element-newline": "off",
    "arrow-body-style": Array [
      "error",
      "as-needed",
    ],
    "arrow-parens": "off",
    "arrow-spacing": Array [
      "error",
      Object {
        "after": true,
        "before": true,
      },
    ],
    "block-scoped-var": "error",
    "block-spacing": Array [
      "error",
      "always",
    ],
    "brace-style": Array [
      "error",
      "1tbs",
      Object {
        "allowSingleLine": true,
      },
    ],
    "callback-return": "off",
    "capitalized-comments": "off",
    "class-methods-use-this": "off",
    "comma-dangle": Array [
      "error",
      "never",
    ],
    "comma-spacing": "off",
    "comma-style": Array [
      "error",
      "last",
    ],
    "complexity": "off",
    "computed-property-spacing": Array [
      "error",
      "never",
    ],
    "consistent-return": "off",
    "consistent-this": Array [
      "error",
      "self",
    ],
    "constructor-super": "off",
    "curly": Array [
      "error",
      "multi-line",
      "consistent",
    ],
    "default-case": "off",
    "dot-location": Array [
      "error",
      "property",
    ],
    "dot-notation": "off",
    "eol-last": Array [
      "error",
      "always",
    ],
    "eqeqeq": Array [
      "error",
      "smart",
    ],
    "for-direction": "off",
    "func-call-spacing": Array [
      "error",
      "never",
    ],
    "func-name-matching": Array [
      "warn",
      "always",
    ],
    "func-names": Array [
      "warn",
      "as-needed",
    ],
    "func-style": "off",
    "function-paren-newline": "off",
    "generator-star-spacing": Array [
      "error",
      "before",
    ],
    "global-require": "off",
    "guard-for-in": "warn",
    "handle-callback-err": "off",
    "id-blacklist": "off",
    "id-length": "off",
    "id-match": "off",
    "indent": "off",
    "init-declarations": "off",
    "jsx-quotes": Array [
      "error",
      "prefer-double",
    ],
    "key-spacing": Array [
      "error",
      Object {
        "afterColon": true,
        "beforeColon": false,
        "mode": "strict",
      },
    ],
    "keyword-spacing": "off",
    "line-comment-position": "off",
    "linebreak-style": Array [
      "error",
      "unix",
    ],
    "lines-around-comment": "off",
    "lines-between-class-members": Array [
      "error",
      "always",
      Object {
        "exceptAfterSingleLine": true,
      },
    ],
    "max-depth": "off",
    "max-len": "off",
    "max-lines": "off",
    "max-nested-callbacks": "off",
    "max-params": "off",
    "max-statements": "off",
    "max-statements-per-line": Array [
      "error",
      Object {
        "max": 1,
      },
    ],
    "multiline-comment-style": "off",
    "multiline-ternary": Array [
      "error",
      "always-multiline",
    ],
    "new-cap": "off",
    "new-parens": "error",
    "newline-per-chained-call": Array [
      "error",
      Object {
        "ignoreChainWithDepth": 3,
      },
    ],
    "no-alert": "error",
    "no-array-constructor": "off",
    "no-await-in-loop": "off",
    "no-bitwise": "off",
    "no-buffer-constructor": "error",
    "no-caller": "error",
    "no-case-declarations": "error",
    "no-catch-shadow": "error",
    "no-class-assign": "warn",
    "no-compare-neg-zero": "error",
    "no-cond-assign": "warn",
    "no-confusing-arrow": "off",
    "no-console": "off",
    "no-const-assign": "error",
    "no-constant-condition": "off",
    "no-control-regex": "off",
    "no-debugger": "error",
    "no-delete-var": "error",
    "no-div-regex": "off",
    "no-dupe-args": "error",
    "no-dupe-class-members": "off",
    "no-dupe-keys": "error",
    "no-duplicate-case": "error",
    "no-duplicate-imports": Array [
      "error",
      Object {
        "includeExports": false,
      },
    ],
    "no-else-return": "warn",
    "no-empty": "off",
    "no-empty-character-class": "error",
    "no-empty-function": "off",
    "no-empty-pattern": "off",
    "no-eq-null": "warn",
    "no-eval": "warn",
    "no-ex-assign": "off",
    "no-extend-native": "warn",
    "no-extra-bind": "off",
    "no-extra-boolean-cast": "off",
    "no-extra-label": "warn",
    "no-extra-parens": "off",
    "no-extra-semi": "off",
    "no-fallthrough": "off",
    "no-floating-decimal": "error",
    "no-func-assign": "off",
    "no-global-assign": "off",
    "no-implicit-coercion": "error",
    "no-implicit-globals": "off",
    "no-implied-eval": "off",
    "no-import-assign": "warn",
    "no-inline-comments": "off",
    "no-inner-declarations": "off",
    "no-invalid-regexp": "warn",
    "no-invalid-this": "off",
    "no-irregular-whitespace": Array [
      "error",
      Object {
        "skipComments": true,
        "skipRegExps": true,
        "skipStrings": true,
        "skipTemplates": true,
      },
    ],
    "no-iterator": "off",
    "no-label-var": "error",
    "no-labels": "off",
    "no-lone-blocks": "off",
    "no-lonely-if": "error",
    "no-loop-func": "off",
    "no-magic-numbers": "off",
    "no-mixed-operators": "error",
    "no-mixed-requires": "error",
    "no-mixed-spaces-and-tabs": Array [
      "error",
      "smart-tabs",
    ],
    "no-multi-assign": "warn",
    "no-multi-spaces": Array [
      "error",
      Object {
        "ignoreEOLComments": true,
      },
    ],
    "no-multi-str": "error",
    "no-multiple-empty-lines": "error",
    "no-negated-condition": "warn",
    "no-nested-ternary": "off",
    "no-new": "off",
    "no-new-func": "warn",
    "no-new-object": "error",
    "no-new-require": "error",
    "no-new-symbol": "warn",
    "no-new-wrappers": "warn",
    "no-obj-calls": "warn",
    "no-octal": "error",
    "no-octal-escape": "error",
    "no-param-reassign": "off",
    "no-path-concat": "warn",
    "no-plusplus": "off",
    "no-process-env": "off",
    "no-process-exit": "off",
    "no-proto": "off",
    "no-prototype-builtins": "off",
    "no-redeclare": "error",
    "no-regex-spaces": "warn",
    "no-restricted-globals": "off",
    "no-restricted-imports": "off",
    "no-restricted-modules": "off",
    "no-restricted-properties": "off",
    "no-restricted-syntax": "off",
    "no-return-assign": "off",
    "no-return-await": "warn",
    "no-script-url": "off",
    "no-self-assign": "error",
    "no-self-compare": "warn",
    "no-sequences": "error",
    "no-setter-return": "warn",
    "no-shadow": "off",
    "no-shadow-restricted-names": "error",
    "no-sparse-arrays": "warn",
    "no-sync": "off",
    "no-tabs": "off",
    "no-template-curly-in-string": "error",
    "no-ternary": "off",
    "no-this-before-super": "off",
    "no-throw-literal": "off",
    "no-trailing-spaces": "error",
    "no-undef": "off",
    "no-undef-init": "off",
    "no-undefined": "off",
    "no-underscore-dangle": "off",
    "no-unexpected-multiline": "error",
    "no-unmodified-loop-condition": "off",
    "no-unneeded-ternary": "off",
    "no-unreachable": "warn",
    "no-unsafe-finally": "warn",
    "no-unsafe-negation": "error",
    "no-unused-expressions": "off",
    "no-unused-labels": "error",
    "no-unused-vars": "off",
    "no-use-before-define": "off",
    "no-useless-call": "off",
    "no-useless-computed-key": "error",
    "no-useless-concat": "warn",
    "no-useless-constructor": "off",
    "no-useless-escape": "off",
    "no-useless-rename": "error",
    "no-useless-return": "warn",
    "no-var": "error",
    "no-void": "off",
    "no-warning-comments": "off",
    "no-whitespace-before-property": "error",
    "no-with": "error",
    "nonblock-statement-body-position": "off",
    "object-curly-newline": Array [
      "error",
      Object {
        "consistent": true,
        "multiline": true,
      },
    ],
    "object-curly-spacing": Array [
      "error",
      "always",
    ],
    "object-property-newline": "off",
    "object-shorthand": Array [
      "error",
      "always",
    ],
    "one-var": Array [
      "error",
      "never",
    ],
    "one-var-declaration-per-line": "off",
    "operator-assignment": Array [
      "error",
      "always",
    ],
    "operator-linebreak": "off",
    "padded-blocks": "off",
    "padding-line-between-statements": "off",
    "prefer-arrow-callback": "error",
    "prefer-const": Array [
      "error",
      Object {
        "destructuring": "all",
      },
    ],
    "prefer-destructuring": Array [
      "error",
      Object {
        "AssignmentExpression": Object {
          "array": true,
          "object": false,
        },
        "VariableDeclarator": Object {
          "array": false,
          "object": true,
        },
      },
    ],
    "prefer-numeric-literals": "off",
    "prefer-promise-reject-errors": "error",
    "prefer-rest-params": "warn",
    "prefer-spread": "error",
    "prefer-template": "warn",
    "quote-props": Array [
      "error",
      "consistent-as-needed",
      Object {
        "keywords": true,
        "numbers": false,
        "unnecessary": true,
      },
    ],
    "quotes": Array [
      "error",
      "single",
      Object {
        "allowTemplateLiterals": true,
        "avoidEscape": true,
      },
    ],
    "radix": "error",
    "require-await": "off",
    "require-jsdoc": "off",
    "require-yield": "warn",
    "rest-spread-spacing": Array [
      "error",
      "never",
    ],
    "semi": "off",
    "semi-spacing": Array [
      "error",
      Object {
        "after": true,
        "before": false,
      },
    ],
    "semi-style": Array [
      "error",
      "last",
    ],
    "sort-imports": "off",
    "sort-keys": "off",
    "sort-vars": "off",
    "space-before-blocks": Array [
      "error",
      "always",
    ],
    "space-before-function-paren": Array [
      "error",
      Object {
        "anonymous": "never",
        "asyncArrow": "always",
        "named": "never",
      },
    ],
    "space-in-parens": Array [
      "error",
      "never",
    ],
    "space-infix-ops": Array [
      "error",
      Object {
        "int32Hint": true,
      },
    ],
    "space-unary-ops": Array [
      "error",
      Object {
        "nonwords": false,
        "words": true,
      },
    ],
    "spaced-comment": Array [
      "error",
      "always",
    ],
    "strict": Array [
      "error",
      "never",
    ],
    "switch-colon-spacing": Array [
      "error",
      Object {
        "after": true,
        "before": false,
      },
    ],
    "symbol-description": "warn",
    "template-curly-spacing": Array [
      "error",
      "never",
    ],
    "template-tag-spacing": Array [
      "error",
      "never",
    ],
    "unicode-bom": Array [
      "error",
      "never",
    ],
    "use-isnan": "error",
    "valid-jsdoc": "off",
    "valid-typeof": "error",
    "vars-on-top": "off",
    "wrap-iife": Array [
      "error",
      "inside",
    ],
    "wrap-regex": "off",
    "yield-star-spacing": "off",
    "yoda": "error",
  },
}
`;
